<element name="b-modal" extends="b-dialog">
  <script>
(function () {
    window.BModal = document.registerElement('b-modal', {
        prototype: Object.create(BDialog.prototype, {
            dummy: {
                enumerable: true,
                value: function () {
                    console.log('bar');
                }
            }
        }),
        extends: 'b-dialog'
    });
    Object.defineProperty(BModal.prototype, '_super', {
        enumerable: false,
        writable: false,
        configurable: false,
        value: BDialog.prototype
    });
}());
</script>
</element>