<element name="super-button" extends="button">
  <script>
(function () {
    window.SuperButton = document.registerElement('super-button', {
        prototype: Object.create(HTMLButtonElement.prototype, {
            dummy: {
                enumerable: true,
                value: function () {
                    console.log('bar');
                }
            }
        }),
        extends: 'button'
    });
    Object.defineProperty(SuperButton.prototype, '_super', {
        enumerable: false,
        writable: false,
        configurable: false,
        value: HTMLButtonElement.prototype
    });
}());
</script>
</element>